// Vitest Snapshot v1, https://vitest.dev/guide/snapshot.html

exports[`css custom-property prefixing > leaves vendor-owned names alone and prefixes everything else 1`] = `
[
  "--apx-accent",
  "--apx-fore",
  "--apx-grid",
  "--apx-series-1",
  "--apx-series-2",
  "--apx-series-3",
  "--apx-series-4",
  "--apx-series-5",
  "--apx-tt-color-muted",
  "--dt-column-ordering_background",
  "--dt-order-arrow_color",
  "--dt-order-arrow_color-current",
  "--dt-order-header_outline-hover",
  "--dt-row_background-hover",
  "--dt-row_background-stripe",
  "--gl-star-color",
  "--gl-star-color-inactive",
  "--gl-star-size",
  "--litepicker-button-next-month-color",
  "--litepicker-button-next-month-color-hover",
  "--litepicker-button-prev-month-color",
  "--litepicker-button-prev-month-color-hover",
  "--litepicker-container-months-color-bg",
  "--litepicker-day-color",
  "--litepicker-day-color-hover",
  "--litepicker-is-end-color-bg",
  "--litepicker-is-in-range-color",
  "--litepicker-is-start-color-bg",
  "--litepicker-is-today-color",
  "--litepicker-month-header-color",
  "--litepicker-month-weekday-color",
  "--tblr-active-bg",
  "--tblr-bg-forms",
  "--tblr-bg-surface",
  "--tblr-bg-surface-inverted",
  "--tblr-bg-surface-secondary",
  "--tblr-body-bg",
  "--tblr-body-color",
  "--tblr-border-color",
  "--tblr-border-color-translucent",
  "--tblr-border-radius",
  "--tblr-border-style",
  "--tblr-border-width",
  "--tblr-btn-active-bg",
  "--tblr-btn-active-border-color",
  "--tblr-btn-active-color",
  "--tblr-btn-bg",
  "--tblr-btn-border-color",
  "--tblr-btn-color",
  "--tblr-btn-disabled-bg",
  "--tblr-btn-disabled-border-color",
  "--tblr-btn-disabled-color",
  "--tblr-btn-hover-bg",
  "--tblr-btn-hover-border-color",
  "--tblr-btn-hover-color",
  "--tblr-chart-1",
  "--tblr-chart-2",
  "--tblr-chart-3",
  "--tblr-chart-4",
  "--tblr-chart-5",
  "--tblr-danger",
  "--tblr-disabled-color",
  "--tblr-font-sans-serif",
  "--tblr-font-weight-medium",
  "--tblr-font-weight-semibold",
  "--tblr-form-select-bg-icon",
  "--tblr-form-select-bg-img",
  "--tblr-gray-500",
  "--tblr-icon-size",
  "--tblr-info",
  "--tblr-light",
  "--tblr-primary",
  "--tblr-secondary",
  "--tblr-secondary-bg",
  "--tblr-shadow-dropdown",
  "--tblr-shadow-input",
  "--tblr-success",
  "--tblr-tertiary",
  "--tblr-text-inverted",
  "--tblr-warning",
  "--ts-pr-caret",
  "--ts-pr-clear-button",
]
`;
